// Jest Snapshot v1, https://goo.gl/fbAQLP

exports[`Header should create a header 1`] = `
<nav
  class="navbar navbar-expand-md navbar-dark bg-dark mb-4"
>
  
  
  <a
    class="navbar-brand"
    href="#"
  >
    Navbar
  </a>
  
  
  <button
    aria-controls="navbarsExampleDefault"
    aria-expanded="false"
    aria-label="Toggle navigation"
    class="navbar-toggler"
    data-target="#navbarsExampleDefault"
    data-toggle="collapse"
    type="button"
  >
    
    
    <span
      class="navbar-toggler-icon"
    />
    
  
  </button>
  

  
  <div
    class="collapse navbar-collapse"
    id="navbarsExampleDefault"
  >
    
    
    <ul
      class="navbar-nav mr-auto"
    >
      
      
      <li
        class="nav-item active"
      >
        
        
        <a
          class="nav-link"
          href="#"
        >
          Home 
          <span
            class="sr-only"
          >
            (current)
          </span>
        </a>
        
      
      </li>
      
      
      <li
        class="nav-item"
      >
        
        
        <a
          class="nav-link"
          href="#"
        >
          Link
        </a>
        
      
      </li>
      
      
      <li
        class="nav-item"
      >
        
        
        <a
          class="nav-link disabled"
          href="#"
        >
          Disabled
        </a>
        
      
      </li>
      
      
      <li
        class="nav-item dropdown"
      >
        
        
        <a
          aria-expanded="false"
          aria-haspopup="true"
          class="nav-link dropdown-toggle"
          data-toggle="dropdown"
          href="http://example.com"
          id="dropdown01"
        >
          Dropdown
        </a>
        
        
        <div
          aria-labelledby="dropdown01"
          class="dropdown-menu"
        >
          
          
          <a
            class="dropdown-item"
            href="#"
          >
            Action
          </a>
          
          
          <a
            class="dropdown-item"
            href="#"
          >
            Another action
          </a>
          
          
          <a
            class="dropdown-item"
            href="#"
          >
            Something else here
          </a>
          
        
        </div>
        
      
      </li>
      
    
    </ul>
    
  
  </div>
  

</nav>
`;
