// Jest Snapshot v1, https://goo.gl/fbAQLP

exports[`Callout should create callout element 1`] = `
<div
  className={undefined}
>
  <h5>
    Webpack Starter
  </h5>
  <p>
    Webpack starter project for react
  </p>
  <p
    className="greeting"
  >
    Hello world!
  </p>
</div>
`;
