// Jest Snapshot v1, https://goo.gl/fbAQLP

exports[`Footer should create footer element 1`] = `
<footer
  class="undefined"
>
  Footer
</footer>
`;
