// Jest Snapshot v1, https://goo.gl/fbAQLP

exports[`Header should create header element 1`] = `
<header
  class="undefined"
>
  Header
</header>
`;
